../Application/User/TouchGFX/App/SDW.cpp:133:17:uint16_t CalculateCrc(uint8_t*, uint16_t)	12	static
../Application/User/TouchGFX/App/SDW.cpp:157:13:void CalculateAndsetCrc(uint8_t*, uint16_t)	16	static
../Application/User/TouchGFX/App/SDW.cpp:165:13:void SerializeResponseRequest(uint8_t*, SDW_CommandInfo*)	8	static
../Application/User/TouchGFX/App/SDW.cpp:241:13:void SerializeHeader(uint8_t*, SDW_CommandInfo*)	8	static
../Application/User/TouchGFX/App/SDW.cpp:309:13:void PrepareCmdHeader(SDW_CommandInfo*, uint16_t, SDW_FuncId, uint8_t, SDW_SubFuncId, uint16_t)	0	static
../Application/User/TouchGFX/App/SDW.cpp:327:13:void PrepareParam(SDW_CommandInfo*, uint8_t, uint8_t, SDW_FuncParamId, SDW_FuncParam*)	4	static
../Application/User/TouchGFX/App/SDW.cpp:177:13:void SerializeFullCommand(uint8_t*, SDW_CommandInfo*)	24	static
../Application/User/TouchGFX/App/SDW.cpp:68:13:void SendCommand(uint8_t*, uint16_t)	16	static
../Application/User/TouchGFX/App/SDW.cpp:85:13:void GetResponse(uint8_t*, uint8_t*)	16	static
../Application/User/TouchGFX/App/SDW.cpp:253:13:void HandleCmd(SDW_CommandInfo*, uint16_t)	16	static
../Application/User/TouchGFX/App/SDW.cpp:341:13:void LinkBlock2Block(uint16_t, uint8_t, uint16_t, uint8_t, SDW_SubFuncId)	48	static
../Application/User/TouchGFX/App/SDW.cpp:444:1:SDW::SDW()	0	static
../Application/User/TouchGFX/App/SDW.cpp:446:1:SDW::SDW(int)	16	static
../Application/User/TouchGFX/App/SDW.cpp:461:1:SDW::SDW(int, int)	8	static
../Application/User/TouchGFX/App/SDW.cpp:466:1:SDW::SDW(int, int, int, int)	8	static
../Application/User/TouchGFX/App/SDW.cpp:471:1:SDW::SDW(int, int, int, int, int)	8	static
../Application/User/TouchGFX/App/SDW.cpp:476:18:SDW_DesignStatus SDW::GetcurrentDesignStatus()	0	static
../Application/User/TouchGFX/App/SDW.cpp:481:15:SDW_ComStatus SDW::GetcurrentComStatus()	0	static
../Application/User/TouchGFX/App/SDW.cpp:486:6:void SDW::setComErrorHandler(ErrorHandlerType)	0	static
../Application/User/TouchGFX/App/SDW.cpp:491:6:void SDW::setDesignErrorHandler(ErrorHandlerType)	0	static
../Application/User/TouchGFX/App/SDW.cpp:496:6:void SDW::startDesign(float, SDW_C2dAlgo)	32	static
../Application/User/TouchGFX/App/SDW.cpp:521:6:void SDW::stopDesign()	16	static
../Application/User/TouchGFX/App/SDW.cpp:532:6:void SDW::startSampling()	16	static
../Application/User/TouchGFX/App/SDW.cpp:548:6:void SDW::stopSampling()	24	static
../Application/User/TouchGFX/App/SDW.cpp:576:6:void SDW::setMonitoringInterface(SDW_MonInterface)	32	static
../Application/User/TouchGFX/App/SDW.cpp:593:6:void SDW::setInputs()	24	static
../Application/User/TouchGFX/App/SDW.cpp:624:6:void SDW::getProbes()	32	static
../Application/User/TouchGFX/App/SDW.cpp:659:9:uint8_t SDW::getSequenceNumber()	0	static
../Application/User/TouchGFX/App/SDW.cpp:664:15:SDW_SubFuncId getButterSubFuncId(SDW_FilterType)	0	static
../Application/User/TouchGFX/App/SDW.cpp:699:15:SDW_SubFuncId getButterBqSubFuncId(SDW_FilterType)	0	static
../Application/User/TouchGFX/App/SDW.cpp:734:15:SDW_SubFuncId getCheby1SubFuncId(SDW_FilterType)	0	static
../Application/User/TouchGFX/App/SDW.cpp:769:15:SDW_SubFuncId getCheby1BqSubFuncId(SDW_FilterType)	0	static
../Application/User/TouchGFX/App/SDW.cpp:804:15:SDW_SubFuncId getCheby2SubFuncId(SDW_FilterType)	0	static
../Application/User/TouchGFX/App/SDW.cpp:839:15:SDW_SubFuncId getCheby2BqSubFuncId(SDW_FilterType)	0	static
../Application/User/TouchGFX/App/SDW.cpp:874:15:SDW_SubFuncId getEllipSubFuncId(SDW_FilterType)	0	static
../Application/User/TouchGFX/App/SDW.cpp:909:15:SDW_SubFuncId getEllipBqSubFuncId(SDW_FilterType)	0	static
../Application/User/TouchGFX/App/SDW.cpp:945:1:tf::tf()	0	static
../Application/User/TouchGFX/App/SDW.cpp:947:10:uint16_t tf::getId()	0	static
../Application/User/TouchGFX/App/SDW.cpp:952:6:void tf::setId(uint16_t)	0	static
../Application/User/TouchGFX/App/SDW.cpp:957:6:void tf::operator>(tf)	24	static
../Application/User/TouchGFX/App/SDW.cpp:978:1:tf::tf(const char*, const char*)	56	static
../Application/User/TouchGFX/App/SDW.cpp:1003:1:tf::tf(float*, uint8_t, float*, uint8_t)	64	static
../Application/User/TouchGFX/App/SDW.cpp:1037:1:tfd::tfd(float*, float*, uint8_t)	184	static
../Application/User/TouchGFX/App/SDW.cpp:1069:1:wave::wave(SDW_WaveForm, float, float, float)	48	static
../Application/User/TouchGFX/App/SDW.cpp:1095:1:pid::pid(float, float, float, float)	48	static
../Application/User/TouchGFX/App/SDW.cpp:1126:1:node::node()	0	static
../Application/User/TouchGFX/App/SDW.cpp:1127:1:node::node(const char*, const char*, SDW_NodeType)	64	static
../Application/User/TouchGFX/App/SDW.cpp:1367:1:bridge::bridge(uint8_t)	0	static
../Application/User/TouchGFX/App/SDW.cpp:1388:6:node node::in(uint8_t)	8	static
../Application/User/TouchGFX/App/SDW.cpp:1394:6:node node::out(uint8_t)	8	static
../Application/User/TouchGFX/App/SDW.cpp:1400:10:uint16_t node::getId()	0	static
../Application/User/TouchGFX/App/SDW.cpp:1405:6:void node::setId(uint16_t)	0	static
../Application/User/TouchGFX/App/SDW.cpp:1157:1:plant::plant(SDW_ActuatorSpec*, uint8_t, SDW_SensorSpec*, uint8_t)	72	static
../Application/User/TouchGFX/App/SDW.cpp:1223:1:actuator::actuator(SDW_ActuatorSpec*)	40	static
../Application/User/TouchGFX/App/SDW.cpp:1260:1:sensor::sensor(SDW_SensorSpec*)	40	static
../Application/User/TouchGFX/App/SDW.cpp:1292:1:schmidt::schmidt()	24	static
../Application/User/TouchGFX/App/SDW.cpp:1307:1:comp::comp()	24	static
../Application/User/TouchGFX/App/SDW.cpp:1322:1:sat::sat()	24	static
../Application/User/TouchGFX/App/SDW.cpp:1337:1:deadZone::deadZone()	24	static
../Application/User/TouchGFX/App/SDW.cpp:1352:1:backlashDeadBand::backlashDeadBand()	24	static
../Application/User/TouchGFX/App/SDW.cpp:1373:1:sign::sign()	24	static
../Application/User/TouchGFX/App/SDW.cpp:1410:9:uint8_t node::getActiveIoIdx()	0	static
../Application/User/TouchGFX/App/SDW.cpp:968:6:void tf::operator>(node)	32	static
../Application/User/TouchGFX/App/SDW.cpp:1415:6:void node::operator>(tf)	32	static
../Application/User/TouchGFX/App/SDW.cpp:1426:6:void node::operator>(node)	32	static
../Application/User/TouchGFX/App/SDW.cpp:1437:1:macro::macro()	0	static
../Application/User/TouchGFX/App/SDW.cpp:1439:10:uint16_t macro::getId()	0	static
../Application/User/TouchGFX/App/SDW.cpp:1444:6:void macro::setId(uint16_t)	0	static
../Application/User/TouchGFX/App/SDW.cpp:1449:7:macro macro::in(uint8_t)	8	static
../Application/User/TouchGFX/App/SDW.cpp:1455:7:macro macro::out(uint8_t)	8	static
../Application/User/TouchGFX/App/SDW.cpp:1461:6:void macro::operator>(tf)	32	static
../Application/User/TouchGFX/App/SDW.cpp:1472:6:void macro::operator>(node)	32	static
../Application/User/TouchGFX/App/SDW.cpp:1482:9:uint8_t macro::getActiveIoIdx()	0	static
../Application/User/TouchGFX/App/SDW.cpp:973:6:void tf::operator>(macro)	32	static
../Application/User/TouchGFX/App/SDW.cpp:1431:6:void node::operator>(macro)	32	static
../Application/User/TouchGFX/App/SDW.cpp:1477:6:void macro::operator>(macro)	32	static
../Application/User/TouchGFX/App/SDW.cpp:1487:6:void macro::start()	16	static
../Application/User/TouchGFX/App/SDW.cpp:1496:6:void macro::stop()	16	static
../Application/User/TouchGFX/App/SDW.cpp:1505:1:macro::macro(uint8_t, uint8_t)	40	static
../Application/User/TouchGFX/App/SDW.cpp:1528:1:butterBq::butterBq(uint8_t, float, SDW_FilterType)	40	static
../Application/User/TouchGFX/App/SDW.cpp:1557:1:butter::butter(uint8_t, float, SDW_FilterType)	40	static
../Application/User/TouchGFX/App/SDW.cpp:1587:1:butterBq::butterBq(uint8_t, float, float, SDW_FilterType)	48	static
../Application/User/TouchGFX/App/SDW.cpp:1620:1:butter::butter(uint8_t, float, float, SDW_FilterType)	48	static
../Application/User/TouchGFX/App/SDW.cpp:1653:1:period::period(float, float, float)	40	static
../Application/User/TouchGFX/App/SDW.cpp:1679:1:maxObserve::maxObserve(uint8_t)	32	static
../Application/User/TouchGFX/App/SDW.cpp:1697:1:cheby1Bq::cheby1Bq(uint8_t, float, float, SDW_FilterType, SDW_Cheby1Cfg)	48	static
../Application/User/TouchGFX/App/SDW.cpp:1735:1:cheby1Bq::cheby1Bq(uint8_t, float, SDW_FilterType, SDW_Cheby1Cfg)	48	static
../Application/User/TouchGFX/App/SDW.cpp:1769:1:cheby1::cheby1(uint8_t, float, SDW_FilterType, SDW_Cheby1Cfg)	48	static
../Application/User/TouchGFX/App/SDW.cpp:1803:1:cheby1::cheby1(uint8_t, float, float, SDW_FilterType, SDW_Cheby1Cfg)	48	static
../Application/User/TouchGFX/App/SDW.cpp:1840:1:cheby2Bq::cheby2Bq(uint8_t, float, float, SDW_FilterType, SDW_Cheby2Cfg)	48	static
../Application/User/TouchGFX/App/SDW.cpp:1878:1:cheby2Bq::cheby2Bq(uint8_t, float, SDW_FilterType, SDW_Cheby2Cfg)	48	static
../Application/User/TouchGFX/App/SDW.cpp:1912:1:cheby2::cheby2(uint8_t, float, SDW_FilterType, SDW_Cheby2Cfg)	48	static
../Application/User/TouchGFX/App/SDW.cpp:1946:1:cheby2::cheby2(uint8_t, float, float, SDW_FilterType, SDW_Cheby2Cfg)	48	static
../Application/User/TouchGFX/App/SDW.cpp:1983:1:ellipBq::ellipBq(uint8_t, float, float, SDW_FilterType, SDW_EllipCfg)	48	static
../Application/User/TouchGFX/App/SDW.cpp:2021:1:ellipBq::ellipBq(uint8_t, float, SDW_FilterType, SDW_EllipCfg)	48	static
../Application/User/TouchGFX/App/SDW.cpp:2055:1:ellip::ellip(uint8_t, float, SDW_FilterType, SDW_EllipCfg)	48	static
../Application/User/TouchGFX/App/SDW.cpp:2089:1:ellip::ellip(uint8_t, float, float, SDW_FilterType, SDW_EllipCfg)	48	static
../Application/User/TouchGFX/App/SDW.cpp:2128:1:allpass::allpass(float, float)	40	static
../Application/User/TouchGFX/App/SDW.cpp:2150:1:phiObserver::phiObserver(float)	40	static
../Application/User/TouchGFX/App/SDW.cpp:2170:1:rls::rls(uint8_t, float, macro)	48	static
../Application/User/TouchGFX/App/SDW.cpp:2201:1:probe::probe()	0	static
../Application/User/TouchGFX/App/SDW.cpp:2203:1:probe::probe(const char*)	40	static
../Application/User/TouchGFX/App/SDW.cpp:2225:10:uint16_t probe::getId()	0	static
../Application/User/TouchGFX/App/SDW.cpp:2230:6:void probe::setId(uint16_t)	0	static
../Application/User/TouchGFX/App/SDW.cpp:2235:6:void probe::addToQueue()	0	static
../Application/User/TouchGFX/App/SDW.cpp:962:6:void tf::operator>(probe&)	24	static
../Application/User/TouchGFX/App/SDW.cpp:1420:6:void node::operator>(probe&)	24	static
../Application/User/TouchGFX/App/SDW.cpp:1466:6:void macro::operator>(probe&)	24	static
../Application/User/TouchGFX/App/SDW.cpp:2240:7:float probe::getVal()	0	static
../Application/User/TouchGFX/App/SDW.cpp:2247:13:const char* probe::getLabel()	0	static
../Application/User/TouchGFX/App/SDW.cpp:2252:6:void probe::show()	0	static
../Application/User/TouchGFX/App/SDW.cpp:2257:1:input::input()	0	static
../Application/User/TouchGFX/App/SDW.cpp:2259:1:input::input(const char*, float)	48	static
../Application/User/TouchGFX/App/SDW.cpp:2285:10:uint16_t input::getId()	0	static
../Application/User/TouchGFX/App/SDW.cpp:2290:6:void input::setId(uint16_t)	0	static
../Application/User/TouchGFX/App/SDW.cpp:2307:6:void input::addToQueue(float)	0	static
../Application/User/TouchGFX/App/SDW.cpp:2295:6:void input::enableRemote()	24	static
../Application/User/TouchGFX/App/SDW.cpp:2312:6:void input::operator>(tf)	24	static
../Application/User/TouchGFX/App/SDW.cpp:2317:6:void input::operator>(node)	32	static
../Application/User/TouchGFX/App/SDW.cpp:2322:6:void input::operator>(macro)	32	static
../Application/User/TouchGFX/App/SDW.cpp:2327:13:const char* input::getLabel()	0	static
../Application/User/TouchGFX/App/SDW.cpp:2334:7:void HAL_SPI_TxCpltCallback(SPI_HandleTypeDef*)	0	static
../Application/User/TouchGFX/App/SDW.cpp:2339:7:void HAL_SPI_RxCpltCallback(SPI_HandleTypeDef*)	0	static
