../../Middlewares/ST/touchgfx/framework/include/platform/core/MCUInstrumentation.hpp:67:18:virtual void touchgfx::MCUInstrumentation::setMCUActive(bool)	8	static
../../Middlewares/ST/touchgfx/framework/include/platform/core/MCUInstrumentation.hpp:85:22:virtual uint32_t touchgfx::MCUInstrumentation::getCCConsumed()	0	static
../../Middlewares/ST/touchgfx/framework/include/platform/core/MCUInstrumentation.hpp:95:18:virtual void touchgfx::MCUInstrumentation::setCCConsumed(uint32_t)	0	static
F:/TouchGFX/Projects/P1/ECG_PROJECT_F469I_DISCO/main_backup/PFA/TouchGFX/target/CortexMMCUInstrumentation.cpp:6:6:virtual void touchgfx::CortexMMCUInstrumentation::init()	0	static
F:/TouchGFX/Projects/P1/ECG_PROJECT_F469I_DISCO/main_backup/PFA/TouchGFX/target/CortexMMCUInstrumentation.cpp:22:14:virtual unsigned int touchgfx::CortexMMCUInstrumentation::getElapsedUS(unsigned int, unsigned int, unsigned int)	0	static
F:/TouchGFX/Projects/P1/ECG_PROJECT_F469I_DISCO/main_backup/PFA/TouchGFX/target/CortexMMCUInstrumentation.cpp:27:14:virtual unsigned int touchgfx::CortexMMCUInstrumentation::getCPUCycles()	0	static
F:/TouchGFX/Projects/P1/ECG_PROJECT_F469I_DISCO/main_backup/PFA/TouchGFX/target/CortexMMCUInstrumentation.cpp:32:6:virtual void touchgfx::CortexMMCUInstrumentation::setMCUActive(bool)	8	static
../../TouchGFX/target/CortexMMCUInstrumentation.hpp:20:7:touchgfx::CortexMMCUInstrumentation::~CortexMMCUInstrumentation()	0	static
../../TouchGFX/target/CortexMMCUInstrumentation.hpp:20:7:virtual touchgfx::CortexMMCUInstrumentation::~CortexMMCUInstrumentation()	8	static
