../../TouchGFX/target/STM32TouchController.hpp:49:7:STM32TouchController::~STM32TouchController()	0	static
F:/TouchGFX/Projects/P1/ECG_PROJECT_F469I_DISCO/main_backup/PFA/TouchGFX/target/STM32TouchController.cpp:60:6:virtual void STM32TouchController::init()	32	static
F:/TouchGFX/Projects/P1/ECG_PROJECT_F469I_DISCO/main_backup/PFA/TouchGFX/target/STM32TouchController.cpp:75:6:virtual bool STM32TouchController::sampleTouch(int32_t&, int32_t&)	64	static,ignoring_inline_asm
../../TouchGFX/target/STM32TouchController.hpp:49:7:virtual STM32TouchController::~STM32TouchController()	8	static
F:/TouchGFX/Projects/P1/ECG_PROJECT_F469I_DISCO/main_backup/PFA/TouchGFX/target/STM32TouchController.cpp:38:10:void HAL_GPIO_EXTI_Callback(uint16_t)	0	static
