F:/TouchGFX/Projects/P1/ECG_PROJECT_F469I_DISCO/main_backup/PFA/Core/Src/main.c:883:6:StartSPITask	8	static
F:/TouchGFX/Projects/P1/ECG_PROJECT_F469I_DISCO/main_backup/PFA/Core/Src/main.c:957:6:StartDefaultTask	8	static
F:/TouchGFX/Projects/P1/ECG_PROJECT_F469I_DISCO/main_backup/PFA/Core/Src/main.c:224:6:SystemClock_Config	104	static
F:/TouchGFX/Projects/P1/ECG_PROJECT_F469I_DISCO/main_backup/PFA/Core/Src/main.c:125:5:main	248	static
F:/TouchGFX/Projects/P1/ECG_PROJECT_F469I_DISCO/main_backup/PFA/Core/Src/main.c:894:13:OTM8009A_IO_Delay	0	static
F:/TouchGFX/Projects/P1/ECG_PROJECT_F469I_DISCO/main_backup/PFA/Core/Src/main.c:903:13:NT35510_IO_Delay	0	static
F:/TouchGFX/Projects/P1/ECG_PROJECT_F469I_DISCO/main_backup/PFA/Core/Src/main.c:915:6:DSI_IO_WriteCmd	16	static
F:/TouchGFX/Projects/P1/ECG_PROJECT_F469I_DISCO/main_backup/PFA/Core/Src/main.c:934:9:DSI_IO_ReadCmd	24	static
F:/TouchGFX/Projects/P1/ECG_PROJECT_F469I_DISCO/main_backup/PFA/Core/Src/main.c:976:6:HAL_TIM_PeriodElapsedCallback	0	static
F:/TouchGFX/Projects/P1/ECG_PROJECT_F469I_DISCO/main_backup/PFA/Core/Src/main.c:994:6:Error_Handler	0	static
