F:/TouchGFX/Projects/P1/ECG_PROJECT_F469I_DISCO/main_backup/PFA/Drivers/BSP/STM32469I-Discovery/stm32469i_discovery_qspi.c:189:9:BSP_QSPI_Read	72	static
F:/TouchGFX/Projects/P1/ECG_PROJECT_F469I_DISCO/main_backup/PFA/Drivers/BSP/STM32469I-Discovery/stm32469i_discovery_qspi.c:235:9:BSP_QSPI_Write	184	static
F:/TouchGFX/Projects/P1/ECG_PROJECT_F469I_DISCO/main_backup/PFA/Drivers/BSP/STM32469I-Discovery/stm32469i_discovery_qspi.c:309:9:BSP_QSPI_Erase_Block	168	static
F:/TouchGFX/Projects/P1/ECG_PROJECT_F469I_DISCO/main_backup/PFA/Drivers/BSP/STM32469I-Discovery/stm32469i_discovery_qspi.c:351:9:BSP_QSPI_Erase_Chip	168	static
F:/TouchGFX/Projects/P1/ECG_PROJECT_F469I_DISCO/main_backup/PFA/Drivers/BSP/STM32469I-Discovery/stm32469i_discovery_qspi.c:391:9:BSP_QSPI_GetStatus	72	static
F:/TouchGFX/Projects/P1/ECG_PROJECT_F469I_DISCO/main_backup/PFA/Drivers/BSP/STM32469I-Discovery/stm32469i_discovery_qspi.c:444:9:BSP_QSPI_GetInfo	4	static
F:/TouchGFX/Projects/P1/ECG_PROJECT_F469I_DISCO/main_backup/PFA/Drivers/BSP/STM32469I-Discovery/stm32469i_discovery_qspi.c:460:9:BSP_QSPI_EnableMemoryMappedMode	72	static
F:/TouchGFX/Projects/P1/ECG_PROJECT_F469I_DISCO/main_backup/PFA/Drivers/BSP/STM32469I-Discovery/stm32469i_discovery_qspi.c:503:13:BSP_QSPI_MspInit	64	static
F:/TouchGFX/Projects/P1/ECG_PROJECT_F469I_DISCO/main_backup/PFA/Drivers/BSP/STM32469I-Discovery/stm32469i_discovery_qspi.c:118:9:BSP_QSPI_Init	176	static,ignoring_inline_asm
F:/TouchGFX/Projects/P1/ECG_PROJECT_F469I_DISCO/main_backup/PFA/Drivers/BSP/STM32469I-Discovery/stm32469i_discovery_qspi.c:555:13:BSP_QSPI_MspDeInit	8	static
F:/TouchGFX/Projects/P1/ECG_PROJECT_F469I_DISCO/main_backup/PFA/Drivers/BSP/STM32469I-Discovery/stm32469i_discovery_qspi.c:166:9:BSP_QSPI_DeInit	16	static
