F:/TouchGFX/Projects/P1/ECG_PROJECT_F469I_DISCO/main_backup/PFA/Drivers/STM32F4xx_HAL_Driver/Src/stm32f4xx_hal_crc.c:170:13:HAL_CRC_MspInit	0	static
F:/TouchGFX/Projects/P1/ECG_PROJECT_F469I_DISCO/main_backup/PFA/Drivers/STM32F4xx_HAL_Driver/Src/stm32f4xx_hal_crc.c:95:19:HAL_CRC_Init	8	static
F:/TouchGFX/Projects/P1/ECG_PROJECT_F469I_DISCO/main_backup/PFA/Drivers/STM32F4xx_HAL_Driver/Src/stm32f4xx_hal_crc.c:185:13:HAL_CRC_MspDeInit	0	static
F:/TouchGFX/Projects/P1/ECG_PROJECT_F469I_DISCO/main_backup/PFA/Drivers/STM32F4xx_HAL_Driver/Src/stm32f4xx_hal_crc.c:126:19:HAL_CRC_DeInit	16	static
F:/TouchGFX/Projects/P1/ECG_PROJECT_F469I_DISCO/main_backup/PFA/Drivers/STM32F4xx_HAL_Driver/Src/stm32f4xx_hal_crc.c:227:10:HAL_CRC_Accumulate	4	static
F:/TouchGFX/Projects/P1/ECG_PROJECT_F469I_DISCO/main_backup/PFA/Drivers/STM32F4xx_HAL_Driver/Src/stm32f4xx_hal_crc.c:257:10:HAL_CRC_Calculate	4	static
F:/TouchGFX/Projects/P1/ECG_PROJECT_F469I_DISCO/main_backup/PFA/Drivers/STM32F4xx_HAL_Driver/Src/stm32f4xx_hal_crc.c:306:22:HAL_CRC_GetState	0	static
