F:/TouchGFX/Projects/P1/ECG_PROJECT_F469I_DISCO/main_backup/PFA/Drivers/STM32F4xx_HAL_Driver/Src/stm32f4xx_hal_dsi.c:543:19:HAL_DSI_ConfigErrorMonitor	0	static
F:/TouchGFX/Projects/P1/ECG_PROJECT_F469I_DISCO/main_backup/PFA/Drivers/STM32F4xx_HAL_Driver/Src/stm32f4xx_hal_dsi.c:626:13:HAL_DSI_MspInit	0	static
F:/TouchGFX/Projects/P1/ECG_PROJECT_F469I_DISCO/main_backup/PFA/Drivers/STM32F4xx_HAL_Driver/Src/stm32f4xx_hal_dsi.c:309:19:HAL_DSI_Init	32	static
F:/TouchGFX/Projects/P1/ECG_PROJECT_F469I_DISCO/main_backup/PFA/Drivers/STM32F4xx_HAL_Driver/Src/stm32f4xx_hal_dsi.c:641:13:HAL_DSI_MspDeInit	0	static
F:/TouchGFX/Projects/P1/ECG_PROJECT_F469I_DISCO/main_backup/PFA/Drivers/STM32F4xx_HAL_Driver/Src/stm32f4xx_hal_dsi.c:485:19:HAL_DSI_DeInit	32	static
F:/TouchGFX/Projects/P1/ECG_PROJECT_F469I_DISCO/main_backup/PFA/Drivers/STM32F4xx_HAL_Driver/Src/stm32f4xx_hal_dsi.c:978:13:HAL_DSI_TearingEffectCallback	0	static
F:/TouchGFX/Projects/P1/ECG_PROJECT_F469I_DISCO/main_backup/PFA/Drivers/STM32F4xx_HAL_Driver/Src/stm32f4xx_hal_dsi.c:993:13:HAL_DSI_EndOfRefreshCallback	0	static
F:/TouchGFX/Projects/P1/ECG_PROJECT_F469I_DISCO/main_backup/PFA/Drivers/STM32F4xx_HAL_Driver/Src/stm32f4xx_hal_dsi.c:1008:13:HAL_DSI_ErrorCallback	0	static
F:/TouchGFX/Projects/P1/ECG_PROJECT_F469I_DISCO/main_backup/PFA/Drivers/STM32F4xx_HAL_Driver/Src/stm32f4xx_hal_dsi.c:856:6:HAL_DSI_IRQHandler	8	static
F:/TouchGFX/Projects/P1/ECG_PROJECT_F469I_DISCO/main_backup/PFA/Drivers/STM32F4xx_HAL_Driver/Src/stm32f4xx_hal_dsi.c:1068:19:HAL_DSI_SetGenericVCID	0	static
F:/TouchGFX/Projects/P1/ECG_PROJECT_F469I_DISCO/main_backup/PFA/Drivers/STM32F4xx_HAL_Driver/Src/stm32f4xx_hal_dsi.c:1091:19:HAL_DSI_ConfigVideoMode	8	static
F:/TouchGFX/Projects/P1/ECG_PROJECT_F469I_DISCO/main_backup/PFA/Drivers/STM32F4xx_HAL_Driver/Src/stm32f4xx_hal_dsi.c:1241:19:HAL_DSI_ConfigAdaptedCommandMode	4	static
F:/TouchGFX/Projects/P1/ECG_PROJECT_F469I_DISCO/main_backup/PFA/Drivers/STM32F4xx_HAL_Driver/Src/stm32f4xx_hal_dsi.c:1312:19:HAL_DSI_ConfigCommand	8	static
F:/TouchGFX/Projects/P1/ECG_PROJECT_F469I_DISCO/main_backup/PFA/Drivers/STM32F4xx_HAL_Driver/Src/stm32f4xx_hal_dsi.c:1375:19:HAL_DSI_ConfigFlowControl	0	static
F:/TouchGFX/Projects/P1/ECG_PROJECT_F469I_DISCO/main_backup/PFA/Drivers/STM32F4xx_HAL_Driver/Src/stm32f4xx_hal_dsi.c:1401:19:HAL_DSI_ConfigPhyTimer	4	static
F:/TouchGFX/Projects/P1/ECG_PROJECT_F469I_DISCO/main_backup/PFA/Drivers/STM32F4xx_HAL_Driver/Src/stm32f4xx_hal_dsi.c:1448:19:HAL_DSI_ConfigHostTimeouts	4	static
F:/TouchGFX/Projects/P1/ECG_PROJECT_F469I_DISCO/main_backup/PFA/Drivers/STM32F4xx_HAL_Driver/Src/stm32f4xx_hal_dsi.c:1501:19:HAL_DSI_Start	16	static
F:/TouchGFX/Projects/P1/ECG_PROJECT_F469I_DISCO/main_backup/PFA/Drivers/STM32F4xx_HAL_Driver/Src/stm32f4xx_hal_dsi.c:1524:19:HAL_DSI_Stop	16	static
F:/TouchGFX/Projects/P1/ECG_PROJECT_F469I_DISCO/main_backup/PFA/Drivers/STM32F4xx_HAL_Driver/Src/stm32f4xx_hal_dsi.c:1547:19:HAL_DSI_Refresh	4	static
F:/TouchGFX/Projects/P1/ECG_PROJECT_F469I_DISCO/main_backup/PFA/Drivers/STM32F4xx_HAL_Driver/Src/stm32f4xx_hal_dsi.c:1569:19:HAL_DSI_ColorMode	0	static
F:/TouchGFX/Projects/P1/ECG_PROJECT_F469I_DISCO/main_backup/PFA/Drivers/STM32F4xx_HAL_Driver/Src/stm32f4xx_hal_dsi.c:1595:19:HAL_DSI_Shutdown	0	static
F:/TouchGFX/Projects/P1/ECG_PROJECT_F469I_DISCO/main_backup/PFA/Drivers/STM32F4xx_HAL_Driver/Src/stm32f4xx_hal_dsi.c:1626:19:HAL_DSI_ShortWrite	32	static
F:/TouchGFX/Projects/P1/ECG_PROJECT_F469I_DISCO/main_backup/PFA/Drivers/STM32F4xx_HAL_Driver/Src/stm32f4xx_hal_dsi.c:1661:19:HAL_DSI_LongWrite	32	static
F:/TouchGFX/Projects/P1/ECG_PROJECT_F469I_DISCO/main_backup/PFA/Drivers/STM32F4xx_HAL_Driver/Src/stm32f4xx_hal_dsi.c:1750:19:HAL_DSI_Read	32	static
F:/TouchGFX/Projects/P1/ECG_PROJECT_F469I_DISCO/main_backup/PFA/Drivers/STM32F4xx_HAL_Driver/Src/stm32f4xx_hal_dsi.c:1866:19:HAL_DSI_EnterULPMData	16	static
F:/TouchGFX/Projects/P1/ECG_PROJECT_F469I_DISCO/main_backup/PFA/Drivers/STM32F4xx_HAL_Driver/Src/stm32f4xx_hal_dsi.c:2018:19:HAL_DSI_ExitULPMData	24	static
F:/TouchGFX/Projects/P1/ECG_PROJECT_F469I_DISCO/main_backup/PFA/Drivers/STM32F4xx_HAL_Driver/Src/stm32f4xx_hal_dsi.c:2194:19:HAL_DSI_EnterULPM	24	static
F:/TouchGFX/Projects/P1/ECG_PROJECT_F469I_DISCO/main_backup/PFA/Drivers/STM32F4xx_HAL_Driver/Src/stm32f4xx_hal_dsi.c:2356:19:HAL_DSI_ExitULPM	24	static
F:/TouchGFX/Projects/P1/ECG_PROJECT_F469I_DISCO/main_backup/PFA/Drivers/STM32F4xx_HAL_Driver/Src/stm32f4xx_hal_dsi.c:2549:19:HAL_DSI_PatternGeneratorStart	4	static
F:/TouchGFX/Projects/P1/ECG_PROJECT_F469I_DISCO/main_backup/PFA/Drivers/STM32F4xx_HAL_Driver/Src/stm32f4xx_hal_dsi.c:2573:19:HAL_DSI_PatternGeneratorStop	4	static
F:/TouchGFX/Projects/P1/ECG_PROJECT_F469I_DISCO/main_backup/PFA/Drivers/STM32F4xx_HAL_Driver/Src/stm32f4xx_hal_dsi.c:2598:19:HAL_DSI_SetSlewRateAndDelayTuning	0	static
F:/TouchGFX/Projects/P1/ECG_PROJECT_F469I_DISCO/main_backup/PFA/Drivers/STM32F4xx_HAL_Driver/Src/stm32f4xx_hal_dsi.c:2690:19:HAL_DSI_SetLowPowerRXFilter	0	static
F:/TouchGFX/Projects/P1/ECG_PROJECT_F469I_DISCO/main_backup/PFA/Drivers/STM32F4xx_HAL_Driver/Src/stm32f4xx_hal_dsi.c:2713:19:HAL_DSI_SetSDD	0	static
F:/TouchGFX/Projects/P1/ECG_PROJECT_F469I_DISCO/main_backup/PFA/Drivers/STM32F4xx_HAL_Driver/Src/stm32f4xx_hal_dsi.c:2742:19:HAL_DSI_SetLanePinsConfiguration	0	static
F:/TouchGFX/Projects/P1/ECG_PROJECT_F469I_DISCO/main_backup/PFA/Drivers/STM32F4xx_HAL_Driver/Src/stm32f4xx_hal_dsi.c:2829:19:HAL_DSI_SetPHYTimings	0	static
F:/TouchGFX/Projects/P1/ECG_PROJECT_F469I_DISCO/main_backup/PFA/Drivers/STM32F4xx_HAL_Driver/Src/stm32f4xx_hal_dsi.c:2976:19:HAL_DSI_ForceTXStopMode	0	static
F:/TouchGFX/Projects/P1/ECG_PROJECT_F469I_DISCO/main_backup/PFA/Drivers/STM32F4xx_HAL_Driver/Src/stm32f4xx_hal_dsi.c:3018:19:HAL_DSI_ForceRXLowPower	0	static
F:/TouchGFX/Projects/P1/ECG_PROJECT_F469I_DISCO/main_backup/PFA/Drivers/STM32F4xx_HAL_Driver/Src/stm32f4xx_hal_dsi.c:3043:19:HAL_DSI_ForceDataLanesInRX	0	static
F:/TouchGFX/Projects/P1/ECG_PROJECT_F469I_DISCO/main_backup/PFA/Drivers/STM32F4xx_HAL_Driver/Src/stm32f4xx_hal_dsi.c:3068:19:HAL_DSI_SetPullDown	0	static
F:/TouchGFX/Projects/P1/ECG_PROJECT_F469I_DISCO/main_backup/PFA/Drivers/STM32F4xx_HAL_Driver/Src/stm32f4xx_hal_dsi.c:3093:19:HAL_DSI_SetContentionDetectionOff	0	static
F:/TouchGFX/Projects/P1/ECG_PROJECT_F469I_DISCO/main_backup/PFA/Drivers/STM32F4xx_HAL_Driver/Src/stm32f4xx_hal_dsi.c:3137:22:HAL_DSI_GetState	0	static
F:/TouchGFX/Projects/P1/ECG_PROJECT_F469I_DISCO/main_backup/PFA/Drivers/STM32F4xx_HAL_Driver/Src/stm32f4xx_hal_dsi.c:3148:10:HAL_DSI_GetError	0	static
