../../Middlewares/ST/touchgfx/framework/include/mvp/Presenter.hpp:37:18:virtual void touchgfx::Presenter::activate()	0	static
../../Middlewares/ST/touchgfx/framework/include/mvp/Presenter.hpp:47:18:virtual void touchgfx::Presenter::deactivate()	0	static
../../Middlewares/ST/touchgfx/framework/include/mvp/Presenter.hpp:52:13:touchgfx::Presenter::~Presenter()	0	static
../../TouchGFX/gui/include/gui/model/ModelListener.hpp:11:13:ModelListener::~ModelListener()	0	static
../../TouchGFX/gui/include/gui/model/ModelListener.hpp:17:18:virtual void ModelListener::UpdateGraph(float)	0	static
../../TouchGFX/gui/include/gui/model/ModelListener.hpp:18:18:virtual void ModelListener::UpdateGraphRaw(float)	0	static
../../TouchGFX/gui/include/gui/model/ModelListener.hpp:19:18:virtual void ModelListener::UpdateGraphBPM(float)	0	static
../../TouchGFX/gui/include/gui/model/ModelListener.hpp:20:18:virtual void ModelListener::UpdateBPMText(int)	0	static
../../TouchGFX/gui/include/gui/screen1_screen/Screen1Presenter.hpp:28:13:Screen1Presenter::~Screen1Presenter()	0	static
F:/TouchGFX/Projects/P1/ECG_PROJECT_F469I_DISCO/main_backup/PFA/TouchGFX/gui/src/screen1_screen/Screen1Presenter.cpp:10:6:virtual void Screen1Presenter::activate()	0	static
F:/TouchGFX/Projects/P1/ECG_PROJECT_F469I_DISCO/main_backup/PFA/TouchGFX/gui/src/screen1_screen/Screen1Presenter.cpp:15:6:virtual void Screen1Presenter::deactivate()	0	static
F:/TouchGFX/Projects/P1/ECG_PROJECT_F469I_DISCO/main_backup/PFA/TouchGFX/gui/src/screen1_screen/Screen1Presenter.cpp:21:6:virtual void Screen1Presenter::UpdateGraph(float)	8	static
../../Middlewares/ST/touchgfx/framework/include/mvp/Presenter.hpp:52:13:virtual touchgfx::Presenter::~Presenter()	8	static
../../TouchGFX/gui/include/gui/model/ModelListener.hpp:11:13:virtual ModelListener::~ModelListener()	8	static
../../TouchGFX/gui/include/gui/screen1_screen/Screen1Presenter.hpp:28:13:virtual Screen1Presenter::~Screen1Presenter()	8	static
F:/TouchGFX/Projects/P1/ECG_PROJECT_F469I_DISCO/main_backup/PFA/TouchGFX/gui/src/screen1_screen/Screen1Presenter.cpp:4:1:Screen1Presenter::Screen1Presenter(Screen1View&)	0	static
