F:/TouchGFX/Projects/P1/ECG_PROJECT_F469I_DISCO/main_backup/PFA/TouchGFX/generated/fonts/src/CompressedUnmappedFontCache.cpp:21:5:touchgfx::{anonymous}::NibUnmapReader::NibUnmapReader(const uint8_t*, touchgfx::FlashDataReader*)	16	static
F:/TouchGFX/Projects/P1/ECG_PROJECT_F469I_DISCO/main_backup/PFA/TouchGFX/generated/fonts/src/CompressedUnmappedFontCache.cpp:35:13:uint8_t touchgfx::{anonymous}::NibUnmapReader::getNext()	16	static
F:/TouchGFX/Projects/P1/ECG_PROJECT_F469I_DISCO/main_backup/PFA/TouchGFX/generated/fonts/src/CompressedUnmappedFontCache.cpp:69:10:void touchgfx::{anonymous}::NibWriter::put(uint8_t)	0	static
../../Middlewares/ST/touchgfx/framework/include/touchgfx/hal/HAL.hpp:290:10:void touchgfx::HAL::lockUnlockFrameBuffer()	8	static
F:/TouchGFX/Projects/P1/ECG_PROJECT_F469I_DISCO/main_backup/PFA/TouchGFX/generated/fonts/src/CompressedUnmappedFontCache.cpp:85:10:static uint8_t* touchgfx::CompressedUnmappedFontCache::decompressGlyph(uint8_t*, const touchgfx::GlyphNode*, const uint8_t*, touchgfx::FlashDataReader*)	80	static
F:/TouchGFX/Projects/P1/ECG_PROJECT_F469I_DISCO/main_backup/PFA/TouchGFX/generated/fonts/src/CompressedUnmappedFontCache.cpp:137:6:static void touchgfx::CompressedUnmappedFontCache::clearCache()	8	static
F:/TouchGFX/Projects/P1/ECG_PROJECT_F469I_DISCO/main_backup/PFA/TouchGFX/generated/fonts/src/CompressedUnmappedFontCache.cpp:146:6:static void touchgfx::CompressedUnmappedFontCache::unableToCache(const touchgfx::GlyphNode*, int)	0	static
F:/TouchGFX/Projects/P1/ECG_PROJECT_F469I_DISCO/main_backup/PFA/TouchGFX/generated/fonts/src/CompressedUnmappedFontCache.cpp:151:18:static const touchgfx::GlyphNode* touchgfx::CompressedUnmappedFontCache::hasCachedGlyphNode(const touchgfx::GlyphNode*)	0	static
F:/TouchGFX/Projects/P1/ECG_PROJECT_F469I_DISCO/main_backup/PFA/TouchGFX/generated/fonts/src/CompressedUnmappedFontCache.cpp:166:18:static const touchgfx::GlyphNode* touchgfx::CompressedUnmappedFontCache::hasCachedGlyphData(const touchgfx::GlyphNode*, const uint8_t*&)	0	static
F:/TouchGFX/Projects/P1/ECG_PROJECT_F469I_DISCO/main_backup/PFA/TouchGFX/generated/fonts/src/CompressedUnmappedFontCache.cpp:183:12:static touchgfx::GlyphNode* touchgfx::CompressedUnmappedFontCache::cacheGlyphNode(const touchgfx::GlyphNode*)	8	static
F:/TouchGFX/Projects/P1/ECG_PROJECT_F469I_DISCO/main_backup/PFA/TouchGFX/generated/fonts/src/CompressedUnmappedFontCache.cpp:200:16:static const uint8_t* touchgfx::CompressedUnmappedFontCache::cacheGlyphData(const touchgfx::GlyphNode*, const uint8_t*, touchgfx::FlashDataReader*)	32	static
