F:/TouchGFX/Projects/P1/ECG_PROJECT_F469I_DISCO/main_backup/PFA/TouchGFX/generated/texts/src/TypedTextDatabase.cpp:83:1:void __static_initialization_and_destruction_0(int, int)	8	static
F:/TouchGFX/Projects/P1/ECG_PROJECT_F469I_DISCO/main_backup/PFA/TouchGFX/generated/texts/src/TypedTextDatabase.cpp:46:43:const touchgfx::TypedText::TypedTextData* TypedTextDatabase::getInstance(touchgfx::LanguageId)	0	static
F:/TouchGFX/Projects/P1/ECG_PROJECT_F469I_DISCO/main_backup/PFA/TouchGFX/generated/texts/src/TypedTextDatabase.cpp:51:10:uint16_t TypedTextDatabase::getInstanceSize()	0	static
F:/TouchGFX/Projects/P1/ECG_PROJECT_F469I_DISCO/main_backup/PFA/TouchGFX/generated/texts/src/TypedTextDatabase.cpp:56:24:const touchgfx::Font** TypedTextDatabase::getFonts()	0	static
F:/TouchGFX/Projects/P1/ECG_PROJECT_F469I_DISCO/main_backup/PFA/TouchGFX/generated/texts/src/TypedTextDatabase.cpp:61:23:const touchgfx::Font* TypedTextDatabase::setFont(touchgfx::FontId, const touchgfx::Font*)	0	static
F:/TouchGFX/Projects/P1/ECG_PROJECT_F469I_DISCO/main_backup/PFA/TouchGFX/generated/texts/src/TypedTextDatabase.cpp:68:6:void TypedTextDatabase::resetFont(touchgfx::FontId)	8	static
F:/TouchGFX/Projects/P1/ECG_PROJECT_F469I_DISCO/main_backup/PFA/TouchGFX/generated/texts/src/TypedTextDatabase.cpp:83:1:cpp)	8	static
